Decompiling kotlin/reflect/jvm/internal/KFunctionImpl...
Decompiling kotlin/reflect/jvm/internal/impl/load/java/components/JavaAnnotationDescriptor...
Decompiling com/google/common/util/concurrent/Futures...
Decompiling org/lwjgl/opengl/LinuxCanvasImplementation...
Decompiling org/bouncycastle/crypto/modes/gcm/Tables64kGCMMultiplier...
Decompiling kotlin/reflect/full/KClassifiers...
Decompiling kotlin/jvm/JvmClassMappingKt...
Decompiling kotlin/reflect/jvm/internal/impl/load/java/typeEnhancement/TypeQualifiersKt...
Decompiling kotlin/reflect/jvm/internal/impl/builtins/FunctionTypesKt...
Decompiling paulscode/sound/codecs/CodecJOrbis...
Decompiling kotlin/reflect/jvm/internal/AnnotationConstructorCallerKt$createAnnotationInstance$hashCode$1...
Decompiling org/bouncycastle/crypto/generators/DSAParametersGenerator...
Decompiling kotlin/reflect/jvm/internal/impl/serialization/deserialization/MemberDeserializer...
Decompiling kotlin/reflect/jvm/internal/AnnotationConstructorCallerKt$createAnnotationInstance$toString$1...
Decompiling kotlin/text/DelimitedRangesSequence...
Decompiling kotlin/reflect/jvm/internal/impl/builtins/functions/FunctionInvokeDescriptor...
Decompiling org/lwjgl/opengl/LinuxDisplay...
Decompiling kotlin/reflect/jvm/internal/impl/load/kotlin/JvmBuiltInsSettings...
Decompiling org/apache/commons/lang3/text/ExtendedMessageFormat...
Decompiling org/bouncycastle/crypto/generators/GOST3410ParametersGenerator...
Decompiling javax/crypto/SunJCE_b...
Decompiling kotlin/reflect/jvm/internal/impl/resolve/scopes/MemberScopeKt...
Decompiling kotlin/reflect/jvm/internal/impl/serialization/deserialization/AnnotationDeserializer...
Decompiling org/objectweb/asm/Type...
Decompiling kotlin/reflect/jvm/internal/impl/load/java/typeEnhancement/SignatureEnhancementKt...
Decompiling com/sun/crypto/provider/SunJCE_h...
Decompiling org/bouncycastle/crypto/modes/gcm/Tables8kGCMMultiplier...
Decompiling com/sun/crypto/provider/SunJCE_i...
Decompiling kotlin/io/FilesKt__UtilsKt...
Decompiling com/jcraft/jorbis/Drft...
Decompiling kotlin/reflect/jvm/internal/AnnotationConstructorCallerKt...
